<html>
<body>
<pre>
<h1>µVision Build Log</h1>
<h2>Project:</h2>
E:\stm32_text\deqing\TWO\USART1½Ó·¢\Project\RVMDK£¨uv5£©\BH-F103.uvprojx
Project File Date:  05/02/2018

<h2>Output:</h2>
Rebuild target 'USART'
assembling startup_stm32f10x_hd.s...
compiling core_cm3.c...
compiling system_stm32f10x.c...
compiling misc.c...
compiling stm32f10x_adc.c...
compiling stm32f10x_bkp.c...
compiling stm32f10x_can.c...
compiling stm32f10x_cec.c...
compiling stm32f10x_crc.c...
compiling stm32f10x_dac.c...
compiling stm32f10x_dbgmcu.c...
compiling stm32f10x_dma.c...
compiling stm32f10x_exti.c...
compiling stm32f10x_flash.c...
compiling stm32f10x_fsmc.c...
compiling stm32f10x_gpio.c...
compiling stm32f10x_i2c.c...
compiling stm32f10x_iwdg.c...
compiling stm32f10x_pwr.c...
compiling stm32f10x_rcc.c...
compiling stm32f10x_rtc.c...
compiling stm32f10x_sdio.c...
compiling stm32f10x_spi.c...
compiling stm32f10x_tim.c...
compiling stm32f10x_usart.c...
compiling stm32f10x_wwdg.c...
compiling main.c...
compiling stm32f10x_it.c...
compiling bsp_usart.c...
compiling bsp_SysTick.c...
compiling WRFlash.c...
compiling ESP8266.c...
compiling WifiUsart..c...
compiling bsp_TiMbase.c...
compiling bsp_TimeCover.c...
linking...
Program Size: Code=14126 RO-data=470 RW-data=180 ZI-data=2676  
FromELF: creating hex file...
"..\..\Output\USART.axf" - 0 Error(s), 0 Warning(s).
