<html>
<body>
<pre>
<h1>µVision Build Log</h1>
<h2>Project:</h2>
E:\stm32_text\deqing\USART1½Ó·¢\Project\RVMDK£¨uv5£©\BH-F103.uvprojx
Project File Date:  12/30/2016

<h2>Output:</h2>
Rebuild target 'USART'
assembling startup_stm32f10x_hd.s...
compiling core_cm3.c...
compiling system_stm32f10x.c...
compiling misc.c...
compiling stm32f10x_adc.c...
compiling stm32f10x_bkp.c...
compiling stm32f10x_can.c...
compiling stm32f10x_cec.c...
compiling stm32f10x_crc.c...
compiling stm32f10x_dac.c...
compiling stm32f10x_dbgmcu.c...
compiling stm32f10x_dma.c...
compiling stm32f10x_exti.c...
compiling stm32f10x_flash.c...
compiling stm32f10x_fsmc.c...
compiling stm32f10x_gpio.c...
compiling stm32f10x_i2c.c...
compiling stm32f10x_iwdg.c...
compiling stm32f10x_pwr.c...
compiling stm32f10x_rcc.c...
compiling stm32f10x_rtc.c...
compiling stm32f10x_sdio.c...
compiling stm32f10x_spi.c...
compiling stm32f10x_tim.c...
compiling stm32f10x_usart.c...
compiling stm32f10x_wwdg.c...
compiling main.c...
compiling stm32f10x_it.c...
compiling bsp_usart.c...
compiling bsp_SysTick.c...
compiling WRFlash.c...
compiling ESP8266.c...
compiling WifiUsart..c...
linking...
Program Size: Code=7900 RO-data=336 RW-data=156 ZI-data=2476  
FromELF: creating hex file...
"..\..\Output\USART.axf" - 0 Error(s), 0 Warning(s).
</pre>
</body>
</html>
f10x_it.c(200): error:  #20: identifier "WIFIUART_RX_BUFFER_SIZE" is undefined
        if(WIFIUART_RxPtr < (WIFIUART_RX_BUFFER_SIZE - 1))
..\..\User\stm32f10x_it.c(202): error:  #20: identifier "WIFIUART_RxBuffer" is undefined
                  WIFIUART_RxBuffer[WIFIUART_RxPtr] = data;
..\..\User\stm32f10x_it.c(208): error:  #20: identifier "WIFIUART_RxBuffer" is undefined
                  WIFIUART_RxBuffer[WIFIUART_RxPtr - 1] = data;
..\..\User\stm32f10x_it.c: 0 warnings, 5 errors
compiling bsp_usart.c...
compiling bsp_SysTick.c...
compiling WRFlash.c...
compiling ESP8266.c...
compiling WifiUsart..c...
"..\..\Output\USART.axf" - 5 Error(s), 0 Warning(s).
Target not created
SH_COMPLETE" is undefined
        FLASHStatus = FLASH_COMPLETE;
..\..\User\DoFlash\WRFlash.c(30): warning:  #223-D: function "FLASH_Unlock" declared implicitly
        FLASH_Unlock();
..\..\User\DoFlash\WRFlash.c(31): warning:  #223-D: function "FLASH_ClearFlag" declared implicitly
        FLASH_ClearFlag(FLASH_FLAG_BSY | FLASH_FLAG_EOP | FLASH_FLAG_PGERR | FLASH_FLAG_WRPRTERR);
..\..\User\DoFlash\WRFlash.c(31): error:  #20: identifier "FLASH_FLAG_BSY" is undefined
        FLASH_ClearFlag(FLASH_FLAG_BSY | FLASH_FLAG_EOP | FLASH_FLAG_PGERR | FLASH_FLAG_WRPRTERR);
..\..\User\DoFlash\WRFlash.c(31): error:  #20: identifier "FLASH_FLAG_EOP" is undefined
        FLASH_ClearFlag(FLASH_FLAG_BSY | FLASH_FLAG_EOP | FLASH_FLAG_PGERR | FLASH_FLAG_WRPRTERR);
..\..\User\DoFlash\WRFlash.c(31): error:  #20: identifier "FLASH_FLAG_PGERR" is undefined
        FLASH_ClearFlag(FLASH_FLAG_BSY | FLASH_FLAG_EOP | FLASH_FLAG_PGERR | FLASH_FLAG_WRPRTERR);
..\..\User\DoFlash\WRFlash.c(31): error:  #20: identifier "FLASH_FLAG_WRPRTERR" is undefined
        FLASH_ClearFlag(FLASH_FLAG_BSY | FLASH_FLAG_EOP | FLASH_FLAG_PGERR | FLASH_FLAG_WRPRTERR);
..\..\User\DoFlash\WRFlash.c(32): warning:  #223-D: function "FLASH_ErasePage" declared implicitly
        FLASHStatus = FLASH_ErasePage(WriteFlashAddress);
..\..\User\DoFlash\WRFlash.c(38): warning:  #223-D: function "FLASH_ProgramWord" declared implicitly
                                FLASHStatus = FLASH_ProgramWord(Address, buff[k]);
..\..\User\DoFlash\WRFlash.c(41): warning:  #223-D: function "FLASH_Lock" declared implicitly
                FLASH_Lock();
..\..\User\DoFlash\WRFlash.c: 5 warnings, 6 errors
compiling ESP8266.c...
compiling WifiUsart..c...
"..\..\Output\USART.axf" - 12 Error(s), 5 Warning(s).
Target not created
